ALLOC at : 24 (20 byte(s))
ALLOC at : 68 (20 byte(s))
ALLOC at : 112 (10 byte(s))
ALLOC at : 148 (15 byte(s))
ALLOC at : 188 (20 byte(s))
